cuda cuda:0
RUN 0
Running Probability of Improvement (PI)
Completed!
Running Log Probability of Improvement (LogPI)
Completed!
Running Expected Improvement (EI)
Completed!
Running Log Expected Improvement (LogEI)
Completed!
Running Upper Confidence Bound (UCB)
Completed!
Running Posterior Mean (PosMean)
Completed!
Running Posterior Standard Deviation (PosSTD)
Completed!
Running Thompson Sampling (TS)
Completed!
Running Knowledge Gradient (qKG)
Completed!
Running Predictive Entropy Search (qPES)
Completed!
Running Max-value Entropy Search (qMES)
Completed!
Running Joint Entropy Search (qJES)
Completed!
RUN 1
Running Probability of Improvement (PI)
Completed!
Running Log Probability of Improvement (LogPI)
Completed!
Running Expected Improvement (EI)
Completed!
Running Log Expected Improvement (LogEI)
Completed!
Running Upper Confidence Bound (UCB)
Completed!
Running Posterior Mean (PosMean)
Completed!
Running Posterior Standard Deviation (PosSTD)
Completed!
Running Thompson Sampling (TS)
Completed!
Running Knowledge Gradient (qKG)
Completed!
Running Predictive Entropy Search (qPES)
Completed!
Running Max-value Entropy Search (qMES)
Completed!
Running Joint Entropy Search (qJES)
Completed!
RUN 2
Running Probability of Improvement (PI)
Completed!
Running Log Probability of Improvement (LogPI)
Completed!
Running Expected Improvement (EI)
Completed!
Running Log Expected Improvement (LogEI)
Completed!
Running Upper Confidence Bound (UCB)
Completed!
Running Posterior Mean (PosMean)
Completed!
Running Posterior Standard Deviation (PosSTD)
Completed!
Running Thompson Sampling (TS)
Completed!
Running Knowledge Gradient (qKG)
Completed!
Running Predictive Entropy Search (qPES)
Completed!
Running Max-value Entropy Search (qMES)
Completed!
Running Joint Entropy Search (qJES)
Completed!
RUN 3
Running Probability of Improvement (PI)
Completed!
Running Log Probability of Improvement (LogPI)
Completed!
Running Expected Improvement (EI)
Completed!
Running Log Expected Improvement (LogEI)
Completed!
Running Upper Confidence Bound (UCB)
Completed!
Running Posterior Mean (PosMean)
Completed!
Running Posterior Standard Deviation (PosSTD)
Completed!
Running Thompson Sampling (TS)
Completed!
Running Knowledge Gradient (qKG)
Completed!
Running Predictive Entropy Search (qPES)
Completed!
Running Max-value Entropy Search (qMES)
Completed!
Running Joint Entropy Search (qJES)
Iter 0 | Current best value: 415093.26911893615
Iter 1 | Current best value: 415093.26911893615
Iter 2 | Current best value: 415093.26911893615
Iter 3 | Current best value: 415093.26911893615
Iter 4 | Current best value: 415093.26911893615
Iter 5 | Current best value: 415093.26911893615
Iter 6 | Current best value: 415093.26911893615
Iter 7 | Current best value: 415093.26911893615
Iter 8 | Current best value: 415093.26911893615
Iter 9 | Current best value: 415093.26911893615
Iter 10 | Current best value: 415093.26911893615
Iter 11 | Current best value: 415093.26911893615
Iter 12 | Current best value: 415093.26911893615
Iter 13 | Current best value: 415093.26911893615
Iter 14 | Current best value: 415093.26911893615
Iter 15 | Current best value: 415093.26911893615
Iter 16 | Current best value: 415093.26911893615
Iter 17 | Current best value: 415093.26911893615
Iter 18 | Current best value: 415093.26911893615
Iter 19 | Current best value: 415093.26911893615
Iter 20 | Current best value: 415093.26911893615
Iter 21 | Current best value: 415093.26911893615
Iter 22 | Current best value: 415093.26911893615
Iter 23 | Current best value: 415093.26911893615
Iter 24 | Current best value: 415093.26911893615
Iter 25 | Current best value: 415093.26911893615
Iter 26 | Current best value: 415093.26911893615
Iter 27 | Current best value: 415093.26911893615
Iter 28 | Current best value: 415093.26911893615
Iter 29 | Current best value: 415093.26911893615
Iter 30 | Current best value: 415093.26911893615
Iter 31 | Current best value: 415093.26911893615
Iter 32 | Current best value: 415093.26911893615
Iter 33 | Current best value: 415093.26911893615
Iter 34 | Current best value: 415093.26911893615
Iter 35 | Current best value: 415093.26911893615
Iter 36 | Current best value: 415093.26911893615
Iter 37 | Current best value: 415093.26911893615
Iter 38 | Current best value: 415093.26911893615
Iter 39 | Current best value: 415093.26911893615
Iter 40 | Current best value: 415093.26911893615
Iter 41 | Current best value: 415093.26911893615
Iter 42 | Current best value: 415093.26911893615
Iter 43 | Current best value: 415093.26911893615
Iter 44 | Current best value: 415093.26911893615
Iter 45 | Current best value: 415093.26911893615
Iter 46 | Current best value: 415093.26911893615
Iter 47 | Current best value: 415093.26911893615
Iter 48 | Current best value: 415093.26911893615
Iter 49 | Current best value: 415093.26911893615
Iter 50 | Current best value: 415093.26911893615
Iter 51 | Current best value: 415093.26911893615
Iter 52 | Current best value: 415093.26911893615
Iter 53 | Current best value: 415093.26911893615
Iter 54 | Current best value: 415093.26911893615
Iter 55 | Current best value: 415093.26911893615
Iter 56 | Current best value: 415093.26911893615
Iter 57 | Current best value: 415093.26911893615
Iter 58 | Current best value: 415093.26911893615
Iter 59 | Current best value: 415093.26911893615
Iter 60 | Current best value: 415093.26911893615
Iter 61 | Current best value: 415093.26911893615
Iter 62 | Current best value: 415093.26911893615
Iter 63 | Current best value: 415093.26911893615
Iter 64 | Current best value: 415093.26911893615
Iter 65 | Current best value: 415093.26911893615
Iter 66 | Current best value: 415093.26911893615
Iter 67 | Current best value: 415093.26911893615
Iter 68 | Current best value: 415093.26911893615
Iter 69 | Current best value: 415093.26911893615
Iter 70 | Current best value: 415093.26911893615
Iter 71 | Current best value: 415093.26911893615
Iter 72 | Current best value: 415093.26911893615
Iter 73 | Current best value: 415093.26911893615
Iter 74 | Current best value: 415093.26911893615
Iter 75 | Current best value: 415093.26911893615
Iter 76 | Current best value: 415093.26911893615
Iter 77 | Current best value: 415093.26911893615
Iter 78 | Current best value: 415093.26911893615
Iter 79 | Current best value: 415093.26911893615
Iter 80 | Current best value: 415093.26911893615
Iter 81 | Current best value: 415093.26911893615
Iter 82 | Current best value: 415093.26911893615
Iter 83 | Current best value: 415093.26911893615
Iter 84 | Current best value: 415093.26911893615
Iter 85 | Current best value: 415093.26911893615
Iter 86 | Current best value: 415093.26911893615
Iter 87 | Current best value: 415093.26911893615
Iter 88 | Current best value: 415093.26911893615
Iter 89 | Current best value: 415093.26911893615
Iter 90 | Current best value: 415093.26911893615
Iter 91 | Current best value: 415093.26911893615
Iter 92 | Current best value: 415093.26911893615
Iter 93 | Current best value: 415093.26911893615
Iter 94 | Current best value: 415093.26911893615
Iter 95 | Current best value: 415093.26911893615
Iter 96 | Current best value: 415093.26911893615
Iter 97 | Current best value: 415093.26911893615
Iter 98 | Current best value: 415093.26911893615
Iter 99 | Current best value: 415093.26911893615
RUN 4
Running Probability of Improvement (PI)
Completed!
Running Log Probability of Improvement (LogPI)
Completed!
Running Expected Improvement (EI)
Completed!
Running Log Expected Improvement (LogEI)
Completed!
Running Upper Confidence Bound (UCB)
Completed!
Running Posterior Mean (PosMean)
Completed!
Running Posterior Standard Deviation (PosSTD)
Completed!
Running Thompson Sampling (TS)
Completed!
Running Knowledge Gradient (qKG)
Completed!
Running Predictive Entropy Search (qPES)
Iter 0 | Current best value: 265690.36580221803
Iter 1 | Current best value: 265690.36580221803
Iter 2 | Current best value: 265690.36580221803
Iter 3 | Current best value: 265690.36580221803
Iter 4 | Current best value: 265690.36580221803
Iter 5 | Current best value: 265690.36580221803
Iter 6 | Current best value: 265690.36580221803
Iter 7 | Current best value: 265690.36580221803
Iter 8 | Current best value: 265690.36580221803
Iter 9 | Current best value: 265690.36580221803
Iter 10 | Current best value: 265690.36580221803
Iter 11 | Current best value: 265690.36580221803
Iter 12 | Current best value: 265690.36580221803
Iter 13 | Current best value: 265690.36580221803
Iter 14 | Current best value: 265690.36580221803
Iter 15 | Current best value: 265690.36580221803
Iter 16 | Current best value: 265690.36580221803
Iter 17 | Current best value: 265690.36580221803
Iter 18 | Current best value: 265690.36580221803
Iter 19 | Current best value: 265690.36580221803
Iter 20 | Current best value: 265690.36580221803
Iter 21 | Current best value: 265690.36580221803
Iter 22 | Current best value: 265690.36580221803
Iter 23 | Current best value: 265690.36580221803
Iter 24 | Current best value: 265690.36580221803
Iter 25 | Current best value: 265690.36580221803
Iter 26 | Current best value: 265690.36580221803
Iter 27 | Current best value: 265690.36580221803
Iter 28 | Current best value: 265690.36580221803
Iter 29 | Current best value: 265690.36580221803
Iter 30 | Current best value: 265690.36580221803
Iter 31 | Current best value: 265690.36580221803
Iter 32 | Current best value: 265690.36580221803
Iter 33 | Current best value: 265690.36580221803
Iter 34 | Current best value: 265690.36580221803
Iter 35 | Current best value: 265690.36580221803
Iter 36 | Current best value: 265690.36580221803
Iter 37 | Current best value: 265690.36580221803
Iter 38 | Current best value: 265690.36580221803
Iter 39 | Current best value: 265690.36580221803
Iter 40 | Current best value: 265690.36580221803
Iter 41 | Current best value: 265690.36580221803
Iter 42 | Current best value: 265690.36580221803
Iter 43 | Current best value: 265690.36580221803
Iter 44 | Current best value: 265690.36580221803
Iter 45 | Current best value: 265690.36580221803
Iter 46 | Current best value: 265690.36580221803
Iter 47 | Current best value: 265690.36580221803
Iter 48 | Current best value: 265690.36580221803
Iter 49 | Current best value: 265690.36580221803
Iter 50 | Current best value: 265690.36580221803
Iter 51 | Current best value: 265690.36580221803
Iter 52 | Current best value: 265690.36580221803
Iter 53 | Current best value: 265690.36580221803
Iter 54 | Current best value: 265690.36580221803
Iter 55 | Current best value: 265690.36580221803
Iter 56 | Current best value: 265690.36580221803
Iter 57 | Current best value: 265690.36580221803
Iter 58 | Current best value: 265690.36580221803
Iter 59 | Current best value: 265690.36580221803
Iter 60 | Current best value: 265690.36580221803
Iter 61 | Current best value: 265690.36580221803
Iter 62 | Current best value: 265690.36580221803
Iter 63 | Current best value: 265690.36580221803
Iter 64 | Current best value: 265690.36580221803
Iter 65 | Current best value: 265690.36580221803
Iter 66 | Current best value: 265690.36580221803
Iter 67 | Current best value: 265690.36580221803
Iter 68 | Current best value: 265690.36580221803
Iter 69 | Current best value: 265690.36580221803
Iter 70 | Current best value: 265690.36580221803
Iter 71 | Current best value: 265690.36580221803
Iter 72 | Current best value: 265690.36580221803
Iter 73 | Current best value: 265690.36580221803
Iter 74 | Current best value: 265690.36580221803
Iter 75 | Current best value: 265690.36580221803
Iter 76 | Current best value: 265690.36580221803
Iter 77 | Current best value: 265690.36580221803
Iter 78 | Current best value: 265690.36580221803
Iter 79 | Current best value: 265690.36580221803
Iter 80 | Current best value: 265690.36580221803
Iter 81 | Current best value: 265690.36580221803
Iter 82 | Current best value: 265690.36580221803
Iter 83 | Current best value: 265690.36580221803
Iter 84 | Current best value: 265690.36580221803
Iter 85 | Current best value: 265690.36580221803
Iter 86 | Current best value: 265690.36580221803
Iter 87 | Current best value: 265690.36580221803
Iter 88 | Current best value: 265690.36580221803
Iter 89 | Current best value: 265690.36580221803
Iter 90 | Current best value: 265690.36580221803
Iter 91 | Current best value: 265690.36580221803
Iter 92 | Current best value: 265690.36580221803
Iter 93 | Current best value: 265690.36580221803
Iter 94 | Current best value: 265690.36580221803
Iter 95 | Current best value: 265690.36580221803
Iter 96 | Current best value: 265690.36580221803
Iter 97 | Current best value: 265690.36580221803
Iter 98 | Current best value: 265690.36580221803
Iter 99 | Current best value: 265690.36580221803
Running Max-value Entropy Search (qMES)
Completed!
Running Joint Entropy Search (qJES)
Iter 0 | Current best value: 265690.36580221803
Iter 1 | Current best value: 265690.36580221803
Iter 2 | Current best value: 265690.36580221803
Iter 3 | Current best value: 265690.36580221803
Iter 4 | Current best value: 265690.36580221803
Iter 5 | Current best value: 265690.36580221803
Iter 6 | Current best value: 265690.36580221803
Iter 7 | Current best value: 265690.36580221803
Iter 8 | Current best value: 265690.36580221803
Iter 9 | Current best value: 265690.36580221803
Iter 10 | Current best value: 265690.36580221803
Iter 11 | Current best value: 265690.36580221803
Iter 12 | Current best value: 265690.36580221803
Iter 13 | Current best value: 265690.36580221803
Iter 14 | Current best value: 265690.36580221803
Iter 15 | Current best value: 265690.36580221803
Iter 16 | Current best value: 265690.36580221803
Iter 17 | Current best value: 265690.36580221803
Iter 18 | Current best value: 265690.36580221803
Iter 19 | Current best value: 265690.36580221803
Iter 20 | Current best value: 265690.36580221803
Iter 21 | Current best value: 265690.36580221803
Iter 22 | Current best value: 265690.36580221803
Iter 23 | Current best value: 265690.36580221803
Iter 24 | Current best value: 265690.36580221803
Iter 25 | Current best value: 265690.36580221803
Iter 26 | Current best value: 265690.36580221803
Iter 27 | Current best value: 265690.36580221803
Iter 28 | Current best value: 265690.36580221803
Iter 29 | Current best value: 265690.36580221803
Iter 30 | Current best value: 265690.36580221803
Iter 31 | Current best value: 265690.36580221803
Iter 32 | Current best value: 265690.36580221803
Iter 33 | Current best value: 265690.36580221803
Iter 34 | Current best value: 265690.36580221803
Iter 35 | Current best value: 265690.36580221803
Iter 36 | Current best value: 265690.36580221803
Iter 37 | Current best value: 265690.36580221803
Iter 38 | Current best value: 265690.36580221803
Iter 39 | Current best value: 265690.36580221803
Iter 40 | Current best value: 265690.36580221803
Iter 41 | Current best value: 265690.36580221803
Iter 42 | Current best value: 265690.36580221803
Iter 43 | Current best value: 265690.36580221803
Iter 44 | Current best value: 265690.36580221803
Iter 45 | Current best value: 265690.36580221803
Iter 46 | Current best value: 265690.36580221803
Iter 47 | Current best value: 265690.36580221803
Iter 48 | Current best value: 265690.36580221803
Iter 49 | Current best value: 265690.36580221803
Iter 50 | Current best value: 265690.36580221803
Iter 51 | Current best value: 265690.36580221803
Iter 52 | Current best value: 265690.36580221803
Iter 53 | Current best value: 265690.36580221803
Iter 54 | Current best value: 265690.36580221803
Iter 55 | Current best value: 265690.36580221803
Iter 56 | Current best value: 265690.36580221803
Iter 57 | Current best value: 265690.36580221803
Iter 58 | Current best value: 265690.36580221803
Iter 59 | Current best value: 265690.36580221803
Iter 60 | Current best value: 265690.36580221803
Iter 61 | Current best value: 265690.36580221803
Iter 62 | Current best value: 265690.36580221803
Iter 63 | Current best value: 265690.36580221803
Iter 64 | Current best value: 265690.36580221803
Iter 65 | Current best value: 265690.36580221803
Iter 66 | Current best value: 265690.36580221803
Iter 67 | Current best value: 265690.36580221803
Iter 68 | Current best value: 265690.36580221803
Iter 69 | Current best value: 265690.36580221803
Iter 70 | Current best value: 265690.36580221803
Iter 71 | Current best value: 265690.36580221803
Iter 72 | Current best value: 265690.36580221803
Iter 73 | Current best value: 265690.36580221803
Iter 74 | Current best value: 265690.36580221803
Iter 75 | Current best value: 265690.36580221803
Iter 76 | Current best value: 265690.36580221803
Iter 77 | Current best value: 265690.36580221803
Iter 78 | Current best value: 265690.36580221803
Iter 79 | Current best value: 265690.36580221803
Iter 80 | Current best value: 265690.36580221803
Iter 81 | Current best value: 265690.36580221803
Iter 82 | Current best value: 265690.36580221803
Iter 83 | Current best value: 265690.36580221803
Iter 84 | Current best value: 265690.36580221803
Iter 85 | Current best value: 265690.36580221803
Iter 86 | Current best value: 265690.36580221803
Iter 87 | Current best value: 265690.36580221803
Iter 88 | Current best value: 265690.36580221803
Iter 89 | Current best value: 265690.36580221803
Iter 90 | Current best value: 265690.36580221803
Iter 91 | Current best value: 265690.36580221803
Iter 92 | Current best value: 265690.36580221803
