Traceback (most recent call last):
  File "/home/s222509501/LMABO/run.py", line 129, in <module>
    best_values = bo_full_loop(
        objective_func,
    ...<3 lines>...
        num_iterations
    )
  File "/home/s222509501/LMABO/bo.py", line 219, in bo_full_loop
    train_X, train_Y, _ = bo_single_iteration(train_X, train_Y, acq_type, objective_func, bounds)
                          ~~~~~~~~~~~~~~~~~~~^^^^^^^^^^^^^^^^^^^^^^^^^^^^^^^^^^^^^^^^^^^^^^^^^^^^
  File "/home/s222509501/LMABO/bo.py", line 162, in bo_single_iteration
    gp_cpu = fit_gp(
        train_X.cpu(),
        train_Y.cpu() * flip
    )
  File "/home/s222509501/LMABO/bo.py", line 107, in fit_gp
    fit_gpytorch_mll(mll)
    ~~~~~~~~~~~~~~~~^^^^^
  File "/home/s222509501/.conda/envs/lmabo/lib/python3.13/site-packages/botorch/fit.py", line 115, in fit_gpytorch_mll
    return FitGPyTorchMLL(
        mll,
    ...<5 lines>...
        **kwargs,
    )
  File "/home/s222509501/.conda/envs/lmabo/lib/python3.13/site-packages/botorch/utils/dispatcher.py", line 95, in __call__
    return func(*args, **kwargs)
  File "/home/s222509501/.conda/envs/lmabo/lib/python3.13/site-packages/botorch/fit.py", line 263, in _fit_fallback
    raise ModelFittingError("All attempts to fit the model have failed.")
botorch.exceptions.errors.ModelFittingError: All attempts to fit the model have failed.
