cuda cuda:0
RUN 0
Running Probability of Improvement (PI)
Completed!
Running Log Probability of Improvement (LogPI)
Completed!
Running Expected Improvement (EI)
Completed!
Running Log Expected Improvement (LogEI)
Completed!
Running Upper Confidence Bound (UCB)
Completed!
Running Posterior Mean (PosMean)
Completed!
Running Posterior Standard Deviation (PosSTD)
Completed!
Running Thompson Sampling (TS)
Completed!
Running Knowledge Gradient (qKG)
Completed!
Running Predictive Entropy Search (qPES)
Completed!
Running Max-value Entropy Search (qMES)
Completed!
Running Joint Entropy Search (qJES)
Completed!
RUN 1
Running Probability of Improvement (PI)
Completed!
Running Log Probability of Improvement (LogPI)
Completed!
Running Expected Improvement (EI)
Completed!
Running Log Expected Improvement (LogEI)
Completed!
Running Upper Confidence Bound (UCB)
Completed!
Running Posterior Mean (PosMean)
Completed!
Running Posterior Standard Deviation (PosSTD)
Completed!
Running Thompson Sampling (TS)
Completed!
Running Knowledge Gradient (qKG)
Completed!
Running Predictive Entropy Search (qPES)
Completed!
Running Max-value Entropy Search (qMES)
Completed!
Running Joint Entropy Search (qJES)
Completed!
RUN 2
Running Probability of Improvement (PI)
Completed!
Running Log Probability of Improvement (LogPI)
Completed!
Running Expected Improvement (EI)
Completed!
Running Log Expected Improvement (LogEI)
Completed!
Running Upper Confidence Bound (UCB)
Completed!
Running Posterior Mean (PosMean)
Completed!
Running Posterior Standard Deviation (PosSTD)
Completed!
Running Thompson Sampling (TS)
Completed!
Running Knowledge Gradient (qKG)
Completed!
Running Predictive Entropy Search (qPES)
Completed!
Running Max-value Entropy Search (qMES)
Completed!
Running Joint Entropy Search (qJES)
Completed!
RUN 3
Running Probability of Improvement (PI)
Completed!
Running Log Probability of Improvement (LogPI)
Completed!
Running Expected Improvement (EI)
Completed!
Running Log Expected Improvement (LogEI)
Completed!
Running Upper Confidence Bound (UCB)
Completed!
Running Posterior Mean (PosMean)
Completed!
Running Posterior Standard Deviation (PosSTD)
Completed!
Running Thompson Sampling (TS)
Completed!
Running Knowledge Gradient (qKG)
Completed!
Running Predictive Entropy Search (qPES)
Completed!
Running Max-value Entropy Search (qMES)
Completed!
Running Joint Entropy Search (qJES)
Completed!
RUN 4
Running Probability of Improvement (PI)
Completed!
Running Log Probability of Improvement (LogPI)
Completed!
Running Expected Improvement (EI)
Completed!
Running Log Expected Improvement (LogEI)
Completed!
Running Upper Confidence Bound (UCB)
Completed!
Running Posterior Mean (PosMean)
Completed!
Running Posterior Standard Deviation (PosSTD)
Completed!
Running Thompson Sampling (TS)
Completed!
Running Knowledge Gradient (qKG)
Completed!
Running Predictive Entropy Search (qPES)
Completed!
Running Max-value Entropy Search (qMES)
Completed!
Running Joint Entropy Search (qJES)
Completed!
RUN 5
Running Probability of Improvement (PI)
Completed!
Running Log Probability of Improvement (LogPI)
Completed!
Running Expected Improvement (EI)
Completed!
Running Log Expected Improvement (LogEI)
Completed!
Running Upper Confidence Bound (UCB)
Completed!
Running Posterior Mean (PosMean)
Completed!
Running Posterior Standard Deviation (PosSTD)
Completed!
Running Thompson Sampling (TS)
Completed!
Running Knowledge Gradient (qKG)
Completed!
Running Predictive Entropy Search (qPES)
Completed!
Running Max-value Entropy Search (qMES)
Completed!
Running Joint Entropy Search (qJES)
Completed!
RUN 6
Running Probability of Improvement (PI)
Completed!
Running Log Probability of Improvement (LogPI)
Completed!
Running Expected Improvement (EI)
Completed!
Running Log Expected Improvement (LogEI)
Completed!
Running Upper Confidence Bound (UCB)
Completed!
Running Posterior Mean (PosMean)
Completed!
Running Posterior Standard Deviation (PosSTD)
Completed!
Running Thompson Sampling (TS)
Completed!
Running Knowledge Gradient (qKG)
Completed!
Running Predictive Entropy Search (qPES)
Completed!
Running Max-value Entropy Search (qMES)
Completed!
Running Joint Entropy Search (qJES)
Completed!
RUN 7
Running Probability of Improvement (PI)
Completed!
Running Log Probability of Improvement (LogPI)
Completed!
Running Expected Improvement (EI)
Completed!
Running Log Expected Improvement (LogEI)
Completed!
Running Upper Confidence Bound (UCB)
Completed!
Running Posterior Mean (PosMean)
Completed!
Running Posterior Standard Deviation (PosSTD)
Completed!
Running Thompson Sampling (TS)
Completed!
Running Knowledge Gradient (qKG)
Completed!
Running Predictive Entropy Search (qPES)
Completed!
Running Max-value Entropy Search (qMES)
Completed!
Running Joint Entropy Search (qJES)
Completed!
RUN 8
Running Probability of Improvement (PI)
Completed!
Running Log Probability of Improvement (LogPI)
Completed!
Running Expected Improvement (EI)
Completed!
Running Log Expected Improvement (LogEI)
Completed!
Running Upper Confidence Bound (UCB)
Completed!
Running Posterior Mean (PosMean)
Completed!
Running Posterior Standard Deviation (PosSTD)
Completed!
Running Thompson Sampling (TS)
Completed!
Running Knowledge Gradient (qKG)
Completed!
Running Predictive Entropy Search (qPES)
Completed!
Running Max-value Entropy Search (qMES)
Completed!
Running Joint Entropy Search (qJES)
Completed!
RUN 9
Running Probability of Improvement (PI)
Completed!
Running Log Probability of Improvement (LogPI)
Completed!
Running Expected Improvement (EI)
Completed!
Running Log Expected Improvement (LogEI)
Completed!
Running Upper Confidence Bound (UCB)
Completed!
Running Posterior Mean (PosMean)
Completed!
Running Posterior Standard Deviation (PosSTD)
Completed!
Running Thompson Sampling (TS)
Completed!
Running Knowledge Gradient (qKG)
Completed!
Running Predictive Entropy Search (qPES)
Completed!
Running Max-value Entropy Search (qMES)
Completed!
Running Joint Entropy Search (qJES)
Completed!
numerical_results/DropWave/lmabo/0.npy does not exist
numerical_results/DropWave/lmabo/1.npy does not exist
numerical_results/DropWave/lmabo/2.npy does not exist
numerical_results/DropWave/lmabo/3.npy does not exist
numerical_results/DropWave/lmabo/4.npy does not exist
numerical_results/DropWave/lmabo/5.npy does not exist
numerical_results/DropWave/lmabo/6.npy does not exist
numerical_results/DropWave/lmabo/7.npy does not exist
numerical_results/DropWave/lmabo/8.npy does not exist
numerical_results/DropWave/lmabo/9.npy does not exist
