cuda cuda:0
RUN 0
Running Probability of Improvement (PI)
Completed!
Running Log Probability of Improvement (LogPI)
Completed!
Running Expected Improvement (EI)
Completed!
Running Log Expected Improvement (LogEI)
Completed!
Running Upper Confidence Bound (UCB)
Completed!
Running Posterior Mean (PosMean)
Completed!
Running Posterior Standard Deviation (PosSTD)
Completed!
Running Thompson Sampling (TS)
Completed!
Running Knowledge Gradient (qKG)
Completed!
Running Predictive Entropy Search (qPES)
Completed!
Running Max-value Entropy Search (qMES)
Completed!
Running Joint Entropy Search (qJES)
Completed!
RUN 1
Running Probability of Improvement (PI)
Completed!
Running Log Probability of Improvement (LogPI)
Completed!
Running Expected Improvement (EI)
Completed!
Running Log Expected Improvement (LogEI)
Completed!
Running Upper Confidence Bound (UCB)
Completed!
Running Posterior Mean (PosMean)
Completed!
Running Posterior Standard Deviation (PosSTD)
Completed!
Running Thompson Sampling (TS)
Completed!
Running Knowledge Gradient (qKG)
Completed!
Running Predictive Entropy Search (qPES)
Completed!
Running Max-value Entropy Search (qMES)
Completed!
Running Joint Entropy Search (qJES)
Completed!
RUN 2
Running Probability of Improvement (PI)
Completed!
Running Log Probability of Improvement (LogPI)
Completed!
Running Expected Improvement (EI)
Completed!
Running Log Expected Improvement (LogEI)
Completed!
Running Upper Confidence Bound (UCB)
Completed!
Running Posterior Mean (PosMean)
Completed!
Running Posterior Standard Deviation (PosSTD)
Completed!
Running Thompson Sampling (TS)
Completed!
Running Knowledge Gradient (qKG)
Completed!
Running Predictive Entropy Search (qPES)
Completed!
Running Max-value Entropy Search (qMES)
Completed!
Running Joint Entropy Search (qJES)
Completed!
RUN 3
Running Probability of Improvement (PI)
Completed!
Running Log Probability of Improvement (LogPI)
Completed!
Running Expected Improvement (EI)
Completed!
Running Log Expected Improvement (LogEI)
Completed!
Running Upper Confidence Bound (UCB)
Completed!
Running Posterior Mean (PosMean)
Completed!
Running Posterior Standard Deviation (PosSTD)
Completed!
Running Thompson Sampling (TS)
Completed!
Running Knowledge Gradient (qKG)
Completed!
Running Predictive Entropy Search (qPES)
Completed!
Running Max-value Entropy Search (qMES)
Completed!
Running Joint Entropy Search (qJES)
Completed!
RUN 4
Running Probability of Improvement (PI)
Completed!
Running Log Probability of Improvement (LogPI)
Completed!
Running Expected Improvement (EI)
Completed!
Running Log Expected Improvement (LogEI)
Completed!
Running Upper Confidence Bound (UCB)
Completed!
Running Posterior Mean (PosMean)
Completed!
Running Posterior Standard Deviation (PosSTD)
Completed!
Running Thompson Sampling (TS)
Completed!
Running Knowledge Gradient (qKG)
Completed!
Running Predictive Entropy Search (qPES)
Completed!
Running Max-value Entropy Search (qMES)
Completed!
Running Joint Entropy Search (qJES)
Completed!
RUN 5
Running Probability of Improvement (PI)
Completed!
Running Log Probability of Improvement (LogPI)
Completed!
Running Expected Improvement (EI)
Completed!
Running Log Expected Improvement (LogEI)
Completed!
Running Upper Confidence Bound (UCB)
Completed!
Running Posterior Mean (PosMean)
Completed!
Running Posterior Standard Deviation (PosSTD)
Completed!
Running Thompson Sampling (TS)
Completed!
Running Knowledge Gradient (qKG)
Completed!
Running Predictive Entropy Search (qPES)
Completed!
Running Max-value Entropy Search (qMES)
Completed!
Running Joint Entropy Search (qJES)
Completed!
RUN 6
Running Probability of Improvement (PI)
Completed!
Running Log Probability of Improvement (LogPI)
Completed!
Running Expected Improvement (EI)
Completed!
Running Log Expected Improvement (LogEI)
Completed!
Running Upper Confidence Bound (UCB)
Completed!
Running Posterior Mean (PosMean)
Completed!
Running Posterior Standard Deviation (PosSTD)
Completed!
Running Thompson Sampling (TS)
Completed!
Running Knowledge Gradient (qKG)
Completed!
Running Predictive Entropy Search (qPES)
Completed!
Running Max-value Entropy Search (qMES)
Completed!
Running Joint Entropy Search (qJES)
Completed!
RUN 7
Running Probability of Improvement (PI)
Completed!
Running Log Probability of Improvement (LogPI)
Completed!
Running Expected Improvement (EI)
Completed!
Running Log Expected Improvement (LogEI)
Completed!
Running Upper Confidence Bound (UCB)
Completed!
Running Posterior Mean (PosMean)
Completed!
Running Posterior Standard Deviation (PosSTD)
Completed!
Running Thompson Sampling (TS)
Completed!
Running Knowledge Gradient (qKG)
Completed!
Running Predictive Entropy Search (qPES)
Completed!
Running Max-value Entropy Search (qMES)
Completed!
Running Joint Entropy Search (qJES)
Completed!
RUN 8
Running Probability of Improvement (PI)
Completed!
Running Log Probability of Improvement (LogPI)
Completed!
Running Expected Improvement (EI)
Completed!
Running Log Expected Improvement (LogEI)
Completed!
Running Upper Confidence Bound (UCB)
Completed!
Running Posterior Mean (PosMean)
Completed!
Running Posterior Standard Deviation (PosSTD)
Completed!
Running Thompson Sampling (TS)
Completed!
Running Knowledge Gradient (qKG)
Completed!
Running Predictive Entropy Search (qPES)
Completed!
Running Max-value Entropy Search (qMES)
Completed!
Running Joint Entropy Search (qJES)
Completed!
RUN 9
Running Probability of Improvement (PI)
Completed!
Running Log Probability of Improvement (LogPI)
Completed!
Running Expected Improvement (EI)
Completed!
Running Log Expected Improvement (LogEI)
Completed!
Running Upper Confidence Bound (UCB)
Completed!
Running Posterior Mean (PosMean)
Completed!
Running Posterior Standard Deviation (PosSTD)
Completed!
Running Thompson Sampling (TS)
Completed!
Running Knowledge Gradient (qKG)
Completed!
Running Predictive Entropy Search (qPES)
Iter 0 | Current best value: -6.358568320827545
Iter 1 | Current best value: -15.140223856952058
Iter 2 | Current best value: -15.140223856952058
Iter 3 | Current best value: -15.140223856952058
Iter 4 | Current best value: -15.140223856952058
Iter 5 | Current best value: -15.140223856952058
Iter 6 | Current best value: -15.140223856952058
Iter 7 | Current best value: -15.140223856952058
Iter 8 | Current best value: -15.140223856952058
Iter 9 | Current best value: -15.140223856952058
Iter 10 | Current best value: -15.140223856952058
Iter 11 | Current best value: -15.140223856952058
Iter 12 | Current best value: -17.263457636981208
Iter 13 | Current best value: -17.263457636981208
Iter 14 | Current best value: -17.263457636981208
Iter 15 | Current best value: -17.263457636981208
Iter 16 | Current best value: -17.263457636981208
Iter 17 | Current best value: -17.263457636981208
Iter 18 | Current best value: -17.263457636981208
Iter 19 | Current best value: -17.263457636981208
Iter 20 | Current best value: -17.263457636981208
Iter 21 | Current best value: -17.263457636981208
Iter 22 | Current best value: -17.263457636981208
Iter 23 | Current best value: -17.263457636981208
Iter 24 | Current best value: -17.263457636981208
Iter 25 | Current best value: -17.263457636981208
Iter 26 | Current best value: -17.263457636981208
Iter 27 | Current best value: -17.263457636981208
Iter 28 | Current best value: -17.263457636981208
Iter 29 | Current best value: -17.263457636981208
Iter 30 | Current best value: -17.263457636981208
Iter 31 | Current best value: -17.263457636981208
Iter 32 | Current best value: -17.263457636981208
Iter 33 | Current best value: -17.263457636981208
Iter 34 | Current best value: -17.263457636981208
Iter 35 | Current best value: -17.263457636981208
Iter 36 | Current best value: -17.263457636981208
Iter 37 | Current best value: -17.263457636981208
Iter 38 | Current best value: -17.263457636981208
Iter 39 | Current best value: -17.263457636981208
Iter 40 | Current best value: -17.263457636981208
Iter 41 | Current best value: -17.263457636981208
Iter 42 | Current best value: -17.263457636981208
Iter 43 | Current best value: -17.263457636981208
Iter 44 | Current best value: -17.263457636981208
Iter 45 | Current best value: -17.263457636981208
Iter 46 | Current best value: -17.263457636981208
Iter 47 | Current best value: -17.263457636981208
Iter 48 | Current best value: -17.263457636981208
Iter 49 | Current best value: -17.263457636981208
Running Max-value Entropy Search (qMES)
Iter 0 | Current best value: -5.525814173917355
Iter 1 | Current best value: -10.610653644864694
Iter 2 | Current best value: -15.140223856952058
Iter 3 | Current best value: -15.140223856952058
Iter 4 | Current best value: -15.140223856952058
Iter 5 | Current best value: -15.140223856952058
Iter 6 | Current best value: -15.140223856952058
Iter 7 | Current best value: -15.140223856952058
Iter 8 | Current best value: -15.140223856952058
Iter 9 | Current best value: -15.140223856952058
Iter 10 | Current best value: -16.301406615638054
Iter 11 | Current best value: -16.301406615638054
Iter 12 | Current best value: -16.301406615638054
Iter 13 | Current best value: -16.301406615638054
Iter 14 | Current best value: -16.301406615638054
Iter 15 | Current best value: -16.301406615638054
Iter 16 | Current best value: -16.301406615638054
Iter 17 | Current best value: -16.301406615638054
Iter 18 | Current best value: -16.301406615638054
Iter 19 | Current best value: -16.301406615638054
Iter 20 | Current best value: -16.301406615638054
Iter 21 | Current best value: -16.301406615638054
Iter 22 | Current best value: -16.301406615638054
Iter 23 | Current best value: -16.301406615638054
Iter 24 | Current best value: -16.301406615638054
Iter 25 | Current best value: -16.301406615638054
Iter 26 | Current best value: -16.301406615638054
Iter 27 | Current best value: -16.301406615638054
Iter 28 | Current best value: -16.301406615638054
Iter 29 | Current best value: -16.301406615638054
Iter 30 | Current best value: -16.301406615638054
Iter 31 | Current best value: -16.301406615638054
Iter 32 | Current best value: -16.301406615638054
Iter 33 | Current best value: -16.301406615638054
Iter 34 | Current best value: -16.301406615638054
Iter 35 | Current best value: -16.301406615638054
Iter 36 | Current best value: -16.301406615638054
Iter 37 | Current best value: -16.301406615638054
Iter 38 | Current best value: -16.301406615638054
Iter 39 | Current best value: -16.301406615638054
Iter 40 | Current best value: -16.301406615638054
Iter 41 | Current best value: -17.729608007801954
Iter 42 | Current best value: -17.729608007801954
Iter 43 | Current best value: -17.729608007801954
Iter 44 | Current best value: -17.729608007801954
Iter 45 | Current best value: -17.729608007801954
Iter 46 | Current best value: -17.729608007801954
Iter 47 | Current best value: -17.729608007801954
Iter 48 | Current best value: -17.729608007801954
Iter 49 | Current best value: -17.729608007801954
Running Joint Entropy Search (qJES)
Iter 0 | Current best value: -10.457684165683718
Iter 1 | Current best value: -10.457684165683718
Iter 2 | Current best value: -10.457684165683718
Iter 3 | Current best value: -10.457684165683718
Iter 4 | Current best value: -10.457684165683718
Iter 5 | Current best value: -10.457684165683718
Iter 6 | Current best value: -10.457684165683718
Iter 7 | Current best value: -15.140223856952058
Iter 8 | Current best value: -15.140223856952058
Iter 9 | Current best value: -15.140223856952058
Iter 10 | Current best value: -15.140223856952058
Iter 11 | Current best value: -15.140223856952058
Iter 12 | Current best value: -15.140223856952058
Iter 13 | Current best value: -15.140223856952058
Iter 14 | Current best value: -15.140223856952058
Iter 15 | Current best value: -15.140223856952058
Iter 16 | Current best value: -15.140223856952058
Iter 17 | Current best value: -15.140223856952058
Iter 18 | Current best value: -15.140223856952058
Iter 19 | Current best value: -15.140223856952058
Iter 20 | Current best value: -15.140223856952058
Iter 21 | Current best value: -15.140223856952058
Iter 22 | Current best value: -15.140223856952058
Iter 23 | Current best value: -15.140223856952058
Iter 24 | Current best value: -15.140223856952058
Iter 25 | Current best value: -15.140223856952058
Iter 26 | Current best value: -15.140223856952058
Iter 27 | Current best value: -15.140223856952058
Iter 28 | Current best value: -15.140223856952058
Iter 29 | Current best value: -15.140223856952058
Iter 30 | Current best value: -15.140223856952058
Iter 31 | Current best value: -15.140223856952058
Iter 32 | Current best value: -15.140223856952058
Iter 33 | Current best value: -15.140223856952058
Iter 34 | Current best value: -15.140223856952058
Iter 35 | Current best value: -15.140223856952058
Iter 36 | Current best value: -15.140223856952058
Iter 37 | Current best value: -15.140223856952058
Iter 38 | Current best value: -15.140223856952058
Iter 39 | Current best value: -15.140223856952058
Iter 40 | Current best value: -15.140223856952058
Iter 41 | Current best value: -15.140223856952058
Iter 42 | Current best value: -15.140223856952058
Iter 43 | Current best value: -15.140223856952058
Iter 44 | Current best value: -15.140223856952058
Iter 45 | Current best value: -15.140223856952058
Iter 46 | Current best value: -15.140223856952058
Iter 47 | Current best value: -15.140223856952058
Iter 48 | Current best value: -15.140223856952058
Iter 49 | Current best value: -15.140223856952058
